I'm sorry, but errors were detected in your script. Please correct the
errors listed below, and try again.


File "game/freeroam.rpy", line 17: expected 'image_name_component' not found.
    hide('say')
        ^

Ren'Py Version: Ren'Py 8.1.3.23091805
Sat Apr 13 14:05:01 2024
